// Jest Snapshot v1, https://goo.gl/fbAQLP

exports[`Step 1 specific REST calls GET /user/:id should return user 1`] = `
Object {
  "birthDay": "02/24/1994",
  "firstName": "timeo",
  "lastName": "picard",
  "position": Object {
    "lat": -40.962026,
    "lon": 24.684415,
  },
}
`;
