// Jest Snapshot v1, https://goo.gl/fbAQLP

exports[`Step 2 pagination should contain this users on page 0 1`] = `
Array [
  Object {
    "birthDay": "07/19/1959",
    "firstName": "پارمیس",
    "lastName": "یاسمی",
    "position": Object {
      "lat": 48.376547,
      "lon": 119.508705,
    },
  },
  Object {
    "birthDay": "12/08/1987",
    "firstName": "آرمین",
    "lastName": "یاسمی",
    "position": Object {
      "lat": 74.253292,
      "lon": -36.8275,
    },
  },
  Object {
    "birthDay": "01/27/1956",
    "firstName": "هلیا",
    "lastName": "گلشن",
    "position": Object {
      "lat": 82.63484,
      "lon": -61.421812,
    },
  },
  Object {
    "birthDay": "05/30/1984",
    "firstName": "ستایش",
    "lastName": "گلشن",
    "position": Object {
      "lat": 36.959096,
      "lon": -126.901555,
    },
  },
  Object {
    "birthDay": "05/04/1976",
    "firstName": "كيان",
    "lastName": "گلشن",
    "position": Object {
      "lat": -9.884828,
      "lon": -127.28941,
    },
  },
  Object {
    "birthDay": "11/30/1948",
    "firstName": "رها",
    "lastName": "گلشن",
    "position": Object {
      "lat": -55.086887,
      "lon": -142.181345,
    },
  },
  Object {
    "birthDay": "09/19/1951",
    "firstName": "امیر",
    "lastName": "گلشن",
    "position": Object {
      "lat": 29.115603,
      "lon": 149.973774,
    },
  },
  Object {
    "birthDay": "07/13/1974",
    "firstName": "مریم",
    "lastName": "گلشن",
    "position": Object {
      "lat": -80.36645,
      "lon": 121.126263,
    },
  },
  Object {
    "birthDay": "03/07/1980",
    "firstName": "ماهان",
    "lastName": "گلشن",
    "position": Object {
      "lat": 57.322513,
      "lon": 58.153855,
    },
  },
  Object {
    "birthDay": "08/13/1990",
    "firstName": "فاطمه زهرا",
    "lastName": "کوتی",
    "position": Object {
      "lat": -31.581684,
      "lon": -2.347554,
    },
  },
  Object {
    "birthDay": "06/19/1983",
    "firstName": "شایان",
    "lastName": "کوتی",
    "position": Object {
      "lat": 60.284115,
      "lon": -108.903648,
    },
  },
  Object {
    "birthDay": "12/05/1967",
    "firstName": "بهار",
    "lastName": "کوتی",
    "position": Object {
      "lat": -42.131898,
      "lon": 173.697637,
    },
  },
  Object {
    "birthDay": "05/28/1972",
    "firstName": "باران",
    "lastName": "کوتی",
    "position": Object {
      "lat": 21.221415,
      "lon": 109.314094,
    },
  },
  Object {
    "birthDay": "02/05/1956",
    "firstName": "کیانا",
    "lastName": "کوتی",
    "position": Object {
      "lat": -87.728357,
      "lon": 125.077092,
    },
  },
  Object {
    "birthDay": "01/26/1969",
    "firstName": "بهاره",
    "lastName": "کریمی",
    "position": Object {
      "lat": 33.630864,
      "lon": 172.465106,
    },
  },
  Object {
    "birthDay": "09/27/1947",
    "firstName": "طاها",
    "lastName": "کریمی",
    "position": Object {
      "lat": -50.544238,
      "lon": -167.539434,
    },
  },
  Object {
    "birthDay": "04/22/1966",
    "firstName": "مرسانا",
    "lastName": "کریمی",
    "position": Object {
      "lat": -40.774436,
      "lon": -89.238487,
    },
  },
  Object {
    "birthDay": "11/05/1971",
    "firstName": "زهرا",
    "lastName": "کریمی",
    "position": Object {
      "lat": -21.281361,
      "lon": -109.668956,
    },
  },
  Object {
    "birthDay": "04/22/1960",
    "firstName": "بیتا",
    "lastName": "کریمی",
    "position": Object {
      "lat": -78.247581,
      "lon": 21.746576,
    },
  },
  Object {
    "birthDay": "12/30/1978",
    "firstName": "مهرسا",
    "lastName": "کریمی",
    "position": Object {
      "lat": -78.691228,
      "lon": -151.683285,
    },
  },
  Object {
    "birthDay": "08/22/1987",
    "firstName": "رهام",
    "lastName": "کریمی",
    "position": Object {
      "lat": -88.455262,
      "lon": -29.017577,
    },
  },
  Object {
    "birthDay": "03/10/1981",
    "firstName": "محمدمهدی",
    "lastName": "کامروا",
    "position": Object {
      "lat": 29.534306,
      "lon": -19.422396,
    },
  },
  Object {
    "birthDay": "04/24/1948",
    "firstName": "حسین",
    "lastName": "کامروا",
    "position": Object {
      "lat": -86.483603,
      "lon": -147.495645,
    },
  },
  Object {
    "birthDay": "02/18/1947",
    "firstName": "آراد",
    "lastName": "کامروا",
    "position": Object {
      "lat": 52.403893,
      "lon": -83.922416,
    },
  },
  Object {
    "birthDay": "08/07/1946",
    "firstName": "آریا",
    "lastName": "کامروا",
    "position": Object {
      "lat": 9.641287,
      "lon": -170.365403,
    },
  },
  Object {
    "birthDay": "07/17/1994",
    "firstName": "اميرحسين",
    "lastName": "کامروا",
    "position": Object {
      "lat": -68.560946,
      "lon": 72.75293,
    },
  },
  Object {
    "birthDay": "11/13/1984",
    "firstName": "ملینا",
    "lastName": "کامروا",
    "position": Object {
      "lat": 15.99381,
      "lon": -126.043985,
    },
  },
  Object {
    "birthDay": "05/28/1960",
    "firstName": "حسین",
    "lastName": "پارسا",
    "position": Object {
      "lat": -17.753216,
      "lon": -7.075112,
    },
  },
  Object {
    "birthDay": "03/26/1966",
    "firstName": "دانیال",
    "lastName": "پارسا",
    "position": Object {
      "lat": -64.332639,
      "lon": -65.521553,
    },
  },
  Object {
    "birthDay": "07/11/1971",
    "firstName": "ماهان",
    "lastName": "پارسا",
    "position": Object {
      "lat": -37.891518,
      "lon": -32.659749,
    },
  },
  Object {
    "birthDay": "09/30/1977",
    "firstName": "بنیامین",
    "lastName": "پارسا",
    "position": Object {
      "lat": 37.127423,
      "lon": 43.464369,
    },
  },
  Object {
    "birthDay": "03/12/1958",
    "firstName": "اميرمحمد",
    "lastName": "نكو نظر",
    "position": Object {
      "lat": -71.289616,
      "lon": -110.291432,
    },
  },
  Object {
    "birthDay": "08/12/1989",
    "firstName": "مرسانا",
    "lastName": "نكو نظر",
    "position": Object {
      "lat": -80.338288,
      "lon": -4.529574,
    },
  },
  Object {
    "birthDay": "02/01/1988",
    "firstName": "محمدطاها",
    "lastName": "نكو نظر",
    "position": Object {
      "lat": -55.523362,
      "lon": -167.723842,
    },
  },
  Object {
    "birthDay": "04/25/1965",
    "firstName": "سارا",
    "lastName": "نكو نظر",
    "position": Object {
      "lat": -61.978614,
      "lon": -74.138561,
    },
  },
  Object {
    "birthDay": "08/04/1990",
    "firstName": "کیانا",
    "lastName": "نكو نظر",
    "position": Object {
      "lat": 60.157078,
      "lon": -9.791431,
    },
  },
  Object {
    "birthDay": "08/17/1987",
    "firstName": "مارال",
    "lastName": "نجاتی",
    "position": Object {
      "lat": 47.714574,
      "lon": 48.229108,
    },
  },
  Object {
    "birthDay": "03/30/1960",
    "firstName": "آریا",
    "lastName": "نجاتی",
    "position": Object {
      "lat": -69.305418,
      "lon": -96.588723,
    },
  },
  Object {
    "birthDay": "09/26/1988",
    "firstName": "کیانا",
    "lastName": "نجاتی",
    "position": Object {
      "lat": 11.692741,
      "lon": -124.835602,
    },
  },
  Object {
    "birthDay": "04/10/1971",
    "firstName": "مهراد",
    "lastName": "موسوی",
    "position": Object {
      "lat": -60.324983,
      "lon": -152.046743,
    },
  },
  Object {
    "birthDay": "06/16/1961",
    "firstName": "یاسمین",
    "lastName": "موسوی",
    "position": Object {
      "lat": -33.462256,
      "lon": 107.804101,
    },
  },
  Object {
    "birthDay": "04/23/1993",
    "firstName": "بردیا",
    "lastName": "موسوی",
    "position": Object {
      "lat": 67.467772,
      "lon": -13.276817,
    },
  },
  Object {
    "birthDay": "08/16/1966",
    "firstName": "فاطمه",
    "lastName": "موسوی",
    "position": Object {
      "lat": 68.970608,
      "lon": -43.8322,
    },
  },
  Object {
    "birthDay": "08/07/1976",
    "firstName": "آرش",
    "lastName": "موسوی",
    "position": Object {
      "lat": -82.775696,
      "lon": -47.999029,
    },
  },
  Object {
    "birthDay": "02/18/1966",
    "firstName": "محمد",
    "lastName": "موسوی",
    "position": Object {
      "lat": 87.839302,
      "lon": 22.110935,
    },
  },
  Object {
    "birthDay": "03/24/1957",
    "firstName": "آراد",
    "lastName": "موسوی",
    "position": Object {
      "lat": 58.782949,
      "lon": -28.438977,
    },
  },
  Object {
    "birthDay": "02/09/1956",
    "firstName": "آرسین",
    "lastName": "مرادی",
    "position": Object {
      "lat": -2.856566,
      "lon": 19.534129,
    },
  },
  Object {
    "birthDay": "03/26/1957",
    "firstName": "آدرینا",
    "lastName": "مرادی",
    "position": Object {
      "lat": 76.470636,
      "lon": 28.664492,
    },
  },
  Object {
    "birthDay": "05/29/1958",
    "firstName": "آنیتا",
    "lastName": "مرادی",
    "position": Object {
      "lat": -89.112304,
      "lon": -63.949556,
    },
  },
  Object {
    "birthDay": "08/27/1964",
    "firstName": "عرشيا",
    "lastName": "مرادی",
    "position": Object {
      "lat": 88.167781,
      "lon": 8.752057,
    },
  },
  Object {
    "birthDay": "02/11/1993",
    "firstName": "پارمیس",
    "lastName": "مرادی",
    "position": Object {
      "lat": -57.422422,
      "lon": 107.359712,
    },
  },
  Object {
    "birthDay": "08/02/1991",
    "firstName": "تینا",
    "lastName": "مرادی",
    "position": Object {
      "lat": -41.678129,
      "lon": -74.132318,
    },
  },
  Object {
    "birthDay": "08/16/1975",
    "firstName": "شایان",
    "lastName": "محمدخان",
    "position": Object {
      "lat": 43.768743,
      "lon": -81.813339,
    },
  },
  Object {
    "birthDay": "05/26/1950",
    "firstName": "اميرحسين",
    "lastName": "محمدخان",
    "position": Object {
      "lat": 62.587828,
      "lon": 80.20479,
    },
  },
  Object {
    "birthDay": "11/18/1954",
    "firstName": "تینا",
    "lastName": "كامياران",
    "position": Object {
      "lat": -21.034155,
      "lon": -38.345019,
    },
  },
  Object {
    "birthDay": "10/19/1987",
    "firstName": "علیرضا",
    "lastName": "كامياران",
    "position": Object {
      "lat": 36.470031,
      "lon": -69.853508,
    },
  },
  Object {
    "birthDay": "09/13/1976",
    "firstName": "مرسانا",
    "lastName": "كامياران",
    "position": Object {
      "lat": 52.424185,
      "lon": -151.593574,
    },
  },
  Object {
    "birthDay": "03/17/1952",
    "firstName": "بهار",
    "lastName": "كامياران",
    "position": Object {
      "lat": 75.800649,
      "lon": -15.919329,
    },
  },
  Object {
    "birthDay": "09/07/1955",
    "firstName": "اميرعلي",
    "lastName": "قاسمی",
    "position": Object {
      "lat": 20.540838,
      "lon": 32.171031,
    },
  },
  Object {
    "birthDay": "10/02/1960",
    "firstName": "نازنین",
    "lastName": "قاسمی",
    "position": Object {
      "lat": -51.156131,
      "lon": 47.435482,
    },
  },
  Object {
    "birthDay": "07/27/1965",
    "firstName": "ثنا",
    "lastName": "قاسمی",
    "position": Object {
      "lat": 45.559121,
      "lon": -76.178742,
    },
  },
  Object {
    "birthDay": "07/10/1982",
    "firstName": "سینا",
    "lastName": "قاسمی",
    "position": Object {
      "lat": -59.561466,
      "lon": -155.890752,
    },
  },
  Object {
    "birthDay": "01/14/1984",
    "firstName": "نازنین",
    "lastName": "قاسمی",
    "position": Object {
      "lat": -74.293767,
      "lon": -75.900168,
    },
  },
  Object {
    "birthDay": "07/07/1988",
    "firstName": "مارال",
    "lastName": "قاسمی",
    "position": Object {
      "lat": 37.150424,
      "lon": -3.084204,
    },
  },
  Object {
    "birthDay": "09/16/1982",
    "firstName": "یلدا",
    "lastName": "قاسمی",
    "position": Object {
      "lat": 74.987566,
      "lon": -7.14871,
    },
  },
  Object {
    "birthDay": "02/19/1972",
    "firstName": "کیانا",
    "lastName": "علیزاده",
    "position": Object {
      "lat": 47.106463,
      "lon": -52.934761,
    },
  },
  Object {
    "birthDay": "09/13/1960",
    "firstName": "کوروش",
    "lastName": "علیزاده",
    "position": Object {
      "lat": 87.187908,
      "lon": 4.904778,
    },
  },
  Object {
    "birthDay": "04/04/1979",
    "firstName": "رونیکا",
    "lastName": "علیزاده",
    "position": Object {
      "lat": -85.414053,
      "lon": 50.600699,
    },
  },
  Object {
    "birthDay": "07/23/1969",
    "firstName": "بهاره",
    "lastName": "علیزاده",
    "position": Object {
      "lat": 59.189595,
      "lon": 114.276256,
    },
  },
  Object {
    "birthDay": "08/18/1986",
    "firstName": "كيان",
    "lastName": "علیزاده",
    "position": Object {
      "lat": -69.906753,
      "lon": 56.743472,
    },
  },
  Object {
    "birthDay": "07/28/1988",
    "firstName": "احسان",
    "lastName": "علیزاده",
    "position": Object {
      "lat": -29.016723,
      "lon": 117.627151,
    },
  },
  Object {
    "birthDay": "02/14/1958",
    "firstName": "سام",
    "lastName": "علیزاده",
    "position": Object {
      "lat": -85.334463,
      "lon": 126.420155,
    },
  },
  Object {
    "birthDay": "05/17/1965",
    "firstName": "تارا",
    "lastName": "صدر",
    "position": Object {
      "lat": -62.981165,
      "lon": 90.912687,
    },
  },
  Object {
    "birthDay": "03/23/1968",
    "firstName": "ایلیا",
    "lastName": "صدر",
    "position": Object {
      "lat": -75.803274,
      "lon": 76.482919,
    },
  },
  Object {
    "birthDay": "12/11/1954",
    "firstName": "رها",
    "lastName": "صدر",
    "position": Object {
      "lat": 83.028945,
      "lon": 69.757298,
    },
  },
  Object {
    "birthDay": "07/13/1969",
    "firstName": "احسان",
    "lastName": "صدر",
    "position": Object {
      "lat": -17.091744,
      "lon": 75.191774,
    },
  },
  Object {
    "birthDay": "12/17/1952",
    "firstName": "علی رضا",
    "lastName": "صدر",
    "position": Object {
      "lat": -24.564721,
      "lon": -12.670649,
    },
  },
  Object {
    "birthDay": "06/17/1964",
    "firstName": "آوین",
    "lastName": "صدر",
    "position": Object {
      "lat": 36.016615,
      "lon": -57.124369,
    },
  },
  Object {
    "birthDay": "04/29/1982",
    "firstName": "سپهر",
    "lastName": "صدر",
    "position": Object {
      "lat": 27.899629,
      "lon": 132.584496,
    },
  },
  Object {
    "birthDay": "05/13/1957",
    "firstName": "کیمیا",
    "lastName": "صدر",
    "position": Object {
      "lat": 58.271474,
      "lon": -139.479875,
    },
  },
  Object {
    "birthDay": "10/12/1948",
    "firstName": "آریا",
    "lastName": "سهيلي راد",
    "position": Object {
      "lat": -86.18912,
      "lon": 107.333163,
    },
  },
  Object {
    "birthDay": "05/09/1990",
    "firstName": "مهراد",
    "lastName": "سهيلي راد",
    "position": Object {
      "lat": -26.390022,
      "lon": -1.787978,
    },
  },
  Object {
    "birthDay": "10/08/1963",
    "firstName": "زهرا",
    "lastName": "سهيلي راد",
    "position": Object {
      "lat": 26.265913,
      "lon": 132.219565,
    },
  },
  Object {
    "birthDay": "06/05/1947",
    "firstName": "محمد",
    "lastName": "سهيلي راد",
    "position": Object {
      "lat": -40.840686,
      "lon": 144.860262,
    },
  },
  Object {
    "birthDay": "05/26/1983",
    "firstName": "سارا",
    "lastName": "سهيلي راد",
    "position": Object {
      "lat": -35.029393,
      "lon": -53.621979,
    },
  },
  Object {
    "birthDay": "11/08/1968",
    "firstName": "کوروش",
    "lastName": "سهيلي راد",
    "position": Object {
      "lat": 64.334258,
      "lon": -114.08235,
    },
  },
  Object {
    "birthDay": "08/24/1967",
    "firstName": "آیناز",
    "lastName": "سلطانی نژاد",
    "position": Object {
      "lat": -34.155703,
      "lon": -21.90812,
    },
  },
  Object {
    "birthDay": "09/27/1974",
    "firstName": "عسل",
    "lastName": "سلطانی نژاد",
    "position": Object {
      "lat": -53.893187,
      "lon": 107.279212,
    },
  },
  Object {
    "birthDay": "05/28/1964",
    "firstName": "محمدامين",
    "lastName": "سلطانی نژاد",
    "position": Object {
      "lat": 39.028836,
      "lon": 177.397024,
    },
  },
  Object {
    "birthDay": "06/05/1966",
    "firstName": "ماهان",
    "lastName": "سلطانی نژاد",
    "position": Object {
      "lat": 43.159278,
      "lon": -130.360127,
    },
  },
  Object {
    "birthDay": "01/08/1964",
    "firstName": "آیناز",
    "lastName": "سالاری",
    "position": Object {
      "lat": 75.175255,
      "lon": -152.336799,
    },
  },
  Object {
    "birthDay": "10/31/1956",
    "firstName": "پوریا",
    "lastName": "سالاری",
    "position": Object {
      "lat": -55.027029,
      "lon": -176.660963,
    },
  },
  Object {
    "birthDay": "06/06/1969",
    "firstName": "رادین",
    "lastName": "سالاری",
    "position": Object {
      "lat": -29.69035,
      "lon": 46.944771,
    },
  },
  Object {
    "birthDay": "04/01/1975",
    "firstName": "ماهان",
    "lastName": "سالاری",
    "position": Object {
      "lat": 47.472205,
      "lon": -75.512575,
    },
  },
  Object {
    "birthDay": "06/17/1975",
    "firstName": "بردیا",
    "lastName": "سالاری",
    "position": Object {
      "lat": 35.015528,
      "lon": 154.013314,
    },
  },
  Object {
    "birthDay": "07/25/1977",
    "firstName": "بهار",
    "lastName": "سالاری",
    "position": Object {
      "lat": 34.064829,
      "lon": -169.409948,
    },
  },
  Object {
    "birthDay": "01/30/1961",
    "firstName": "یلدا",
    "lastName": "زارعی",
    "position": Object {
      "lat": 62.649009,
      "lon": 150.09693,
    },
  },
  Object {
    "birthDay": "12/11/1948",
    "firstName": "فاطمه زهرا",
    "lastName": "زارعی",
    "position": Object {
      "lat": 15.069152,
      "lon": -107.596824,
    },
  },
  Object {
    "birthDay": "02/28/1985",
    "firstName": "کوروش",
    "lastName": "زارعی",
    "position": Object {
      "lat": -48.875352,
      "lon": 29.450461,
    },
  },
  Object {
    "birthDay": "04/21/1953",
    "firstName": "النا",
    "lastName": "زارعی",
    "position": Object {
      "lat": -64.505142,
      "lon": -101.296369,
    },
  },
]
`;

exports[`Step 2 pagination should contain this users on page 1 1`] = `
Array [
  Object {
    "birthDay": "04/20/1984",
    "firstName": "هستی",
    "lastName": "زارعی",
    "position": Object {
      "lat": 4.632315,
      "lon": 79.176724,
    },
  },
  Object {
    "birthDay": "01/17/1984",
    "firstName": "عرشيا",
    "lastName": "زارعی",
    "position": Object {
      "lat": 21.386606,
      "lon": -72.725601,
    },
  },
  Object {
    "birthDay": "08/31/1945",
    "firstName": "رها",
    "lastName": "زارعی",
    "position": Object {
      "lat": 29.547952,
      "lon": 13.66573,
    },
  },
  Object {
    "birthDay": "04/15/1949",
    "firstName": "سهیل",
    "lastName": "رضاییان",
    "position": Object {
      "lat": -51.721355,
      "lon": -120.286501,
    },
  },
  Object {
    "birthDay": "12/04/1993",
    "firstName": "درسا",
    "lastName": "رضاییان",
    "position": Object {
      "lat": -1.872459,
      "lon": -140.931422,
    },
  },
  Object {
    "birthDay": "06/17/1950",
    "firstName": "آریا",
    "lastName": "رضایی",
    "position": Object {
      "lat": -14.640011,
      "lon": -3.633985,
    },
  },
  Object {
    "birthDay": "10/14/1979",
    "firstName": "ثنا",
    "lastName": "رضایی",
    "position": Object {
      "lat": 0.899988,
      "lon": -87.278719,
    },
  },
  Object {
    "birthDay": "02/18/1950",
    "firstName": "محمدعلی",
    "lastName": "رضایی",
    "position": Object {
      "lat": 21.032531,
      "lon": -89.904955,
    },
  },
  Object {
    "birthDay": "12/02/1946",
    "firstName": "بردیا",
    "lastName": "رضایی",
    "position": Object {
      "lat": 12.099934,
      "lon": -119.659987,
    },
  },
  Object {
    "birthDay": "06/30/1962",
    "firstName": "ثنا",
    "lastName": "رضایی",
    "position": Object {
      "lat": 51.313944,
      "lon": 125.945976,
    },
  },
  Object {
    "birthDay": "09/10/1962",
    "firstName": "اميرعلي",
    "lastName": "رضایی",
    "position": Object {
      "lat": -79.36203,
      "lon": 172.672312,
    },
  },
  Object {
    "birthDay": "08/21/1990",
    "firstName": "سورنا",
    "lastName": "حیدری",
    "position": Object {
      "lat": -18.2225,
      "lon": -162.829159,
    },
  },
  Object {
    "birthDay": "01/25/1963",
    "firstName": "مهرسا",
    "lastName": "حیدری",
    "position": Object {
      "lat": -5.374476,
      "lon": 160.060514,
    },
  },
  Object {
    "birthDay": "12/26/1978",
    "firstName": "طاها",
    "lastName": "حیدری",
    "position": Object {
      "lat": -67.641843,
      "lon": -140.344472,
    },
  },
  Object {
    "birthDay": "04/15/1992",
    "firstName": "آیناز",
    "lastName": "حیدری",
    "position": Object {
      "lat": 66.972337,
      "lon": -19.836103,
    },
  },
  Object {
    "birthDay": "11/23/1977",
    "firstName": "نازنین",
    "lastName": "حیدری",
    "position": Object {
      "lat": -46.633226,
      "lon": 130.629133,
    },
  },
  Object {
    "birthDay": "04/23/1949",
    "firstName": "آرسین",
    "lastName": "حیدری",
    "position": Object {
      "lat": 10.519802,
      "lon": -114.244113,
    },
  },
  Object {
    "birthDay": "04/04/1965",
    "firstName": "آوینا",
    "lastName": "حیدری",
    "position": Object {
      "lat": 67.000216,
      "lon": 14.474168,
    },
  },
  Object {
    "birthDay": "11/02/1993",
    "firstName": "محمدپارسا",
    "lastName": "حسینی",
    "position": Object {
      "lat": 21.780332,
      "lon": -9.188519,
    },
  },
  Object {
    "birthDay": "08/14/1947",
    "firstName": "رها",
    "lastName": "حسینی",
    "position": Object {
      "lat": 40.887868,
      "lon": -6.597742,
    },
  },
  Object {
    "birthDay": "12/28/1964",
    "firstName": "محمدامين",
    "lastName": "حسینی",
    "position": Object {
      "lat": -17.853041,
      "lon": 5.616973,
    },
  },
  Object {
    "birthDay": "11/29/1963",
    "firstName": "سهیل",
    "lastName": "حسینی",
    "position": Object {
      "lat": 25.790261,
      "lon": -134.023715,
    },
  },
  Object {
    "birthDay": "09/17/1979",
    "firstName": "دینا",
    "lastName": "جعفری",
    "position": Object {
      "lat": 54.97924,
      "lon": 56.482942,
    },
  },
  Object {
    "birthDay": "11/08/1948",
    "firstName": "شایان",
    "lastName": "احمدی",
    "position": Object {
      "lat": 10.031488,
      "lon": -91.110661,
    },
  },
  Object {
    "birthDay": "03/21/1970",
    "firstName": "رهام",
    "lastName": "احمدی",
    "position": Object {
      "lat": -81.632385,
      "lon": -14.707044,
    },
  },
  Object {
    "birthDay": "09/09/1986",
    "firstName": "باران",
    "lastName": "احمدی",
    "position": Object {
      "lat": 22.15474,
      "lon": -42.697258,
    },
  },
  Object {
    "birthDay": "12/15/1962",
    "firstName": "رهام",
    "lastName": "احمدی",
    "position": Object {
      "lat": 77.573361,
      "lon": 2.81842,
    },
  },
  Object {
    "birthDay": "08/18/1963",
    "firstName": "سپهر",
    "lastName": "احمدی",
    "position": Object {
      "lat": -13.100373,
      "lon": -6.910964,
    },
  },
  Object {
    "birthDay": "03/12/1989",
    "firstName": "esat",
    "lastName": "öztürk",
    "position": Object {
      "lat": -21.678929,
      "lon": -83.686364,
    },
  },
  Object {
    "birthDay": "05/07/1973",
    "firstName": "ayşe",
    "lastName": "özkök",
    "position": Object {
      "lat": -34.233413,
      "lon": -168.087747,
    },
  },
  Object {
    "birthDay": "09/09/1946",
    "firstName": "nurdan",
    "lastName": "özgörkey",
    "position": Object {
      "lat": 4.243957,
      "lon": 53.853402,
    },
  },
  Object {
    "birthDay": "05/29/1967",
    "firstName": "nalan",
    "lastName": "özdoğan",
    "position": Object {
      "lat": 25.243183,
      "lon": 97.051899,
    },
  },
  Object {
    "birthDay": "04/04/1954",
    "firstName": "afşar",
    "lastName": "özbir",
    "position": Object {
      "lat": -16.812907,
      "lon": -78.338982,
    },
  },
  Object {
    "birthDay": "11/26/1983",
    "firstName": "esma",
    "lastName": "özbey",
    "position": Object {
      "lat": -31.918098,
      "lon": -67.479456,
    },
  },
  Object {
    "birthDay": "08/29/1958",
    "firstName": "ülkü",
    "lastName": "özbey",
    "position": Object {
      "lat": -9.65,
      "lon": 164.850623,
    },
  },
  Object {
    "birthDay": "10/03/1951",
    "firstName": "mestan",
    "lastName": "çevik",
    "position": Object {
      "lat": 82.332421,
      "lon": -115.581737,
    },
  },
  Object {
    "birthDay": "04/29/1971",
    "firstName": "yasemin",
    "lastName": "çetiner",
    "position": Object {
      "lat": -4.36371,
      "lon": 0.436032,
    },
  },
  Object {
    "birthDay": "02/21/1988",
    "firstName": "afşar",
    "lastName": "çetiner",
    "position": Object {
      "lat": -19.461005,
      "lon": -48.98139,
    },
  },
  Object {
    "birthDay": "09/09/1986",
    "firstName": "ahmet",
    "lastName": "çetiner",
    "position": Object {
      "lat": 43.383286,
      "lon": 29.88528,
    },
  },
  Object {
    "birthDay": "06/21/1958",
    "firstName": "gonca",
    "lastName": "çağıran",
    "position": Object {
      "lat": -56.544013,
      "lon": 168.857125,
    },
  },
  Object {
    "birthDay": "05/10/1962",
    "firstName": "gül",
    "lastName": "çatalbaş",
    "position": Object {
      "lat": -75.647821,
      "lon": -119.488524,
    },
  },
  Object {
    "birthDay": "03/31/1958",
    "firstName": "babür",
    "lastName": "çankaya",
    "position": Object {
      "lat": -48.511818,
      "lon": -150.139138,
    },
  },
  Object {
    "birthDay": "09/17/1972",
    "firstName": "önal",
    "lastName": "çamdalı",
    "position": Object {
      "lat": 0.623959,
      "lon": -149.712164,
    },
  },
  Object {
    "birthDay": "12/06/1947",
    "firstName": "bruno",
    "lastName": "zimmer",
    "position": Object {
      "lat": -39.547525,
      "lon": -96.786616,
    },
  },
  Object {
    "birthDay": "08/18/1988",
    "firstName": "clarissa",
    "lastName": "zimmer",
    "position": Object {
      "lat": -80.84279,
      "lon": -137.080152,
    },
  },
  Object {
    "birthDay": "10/03/1963",
    "firstName": "sadie",
    "lastName": "zhang",
    "position": Object {
      "lat": 38.052995,
      "lon": -90.143395,
    },
  },
  Object {
    "birthDay": "02/09/1977",
    "firstName": "isobel",
    "lastName": "zhang",
    "position": Object {
      "lat": 27.244368,
      "lon": -30.228095,
    },
  },
  Object {
    "birthDay": "12/14/1946",
    "firstName": "zara",
    "lastName": "zhang",
    "position": Object {
      "lat": -49.323756,
      "lon": 12.019572,
    },
  },
  Object {
    "birthDay": "06/21/1960",
    "firstName": "aiden",
    "lastName": "zhang",
    "position": Object {
      "lat": -57.742319,
      "lon": -88.59847,
    },
  },
  Object {
    "birthDay": "02/23/1950",
    "firstName": "joshua",
    "lastName": "zhang",
    "position": Object {
      "lat": -3.717702,
      "lon": 166.814247,
    },
  },
  Object {
    "birthDay": "08/21/1958",
    "firstName": "harrison",
    "lastName": "zhang",
    "position": Object {
      "lat": 58.562671,
      "lon": -59.559471,
    },
  },
  Object {
    "birthDay": "06/29/1967",
    "firstName": "ayşe",
    "lastName": "yılmazer",
    "position": Object {
      "lat": 51.096465,
      "lon": 27.23949,
    },
  },
  Object {
    "birthDay": "01/06/1977",
    "firstName": "çetin",
    "lastName": "yılmazer",
    "position": Object {
      "lat": -51.74054,
      "lon": -59.114281,
    },
  },
  Object {
    "birthDay": "07/02/1984",
    "firstName": "nihal",
    "lastName": "yıldırım",
    "position": Object {
      "lat": 68.63321,
      "lon": -164.49925,
    },
  },
  Object {
    "birthDay": "12/07/1979",
    "firstName": "ayşe",
    "lastName": "yıldırım",
    "position": Object {
      "lat": 70.375779,
      "lon": -15.776296,
    },
  },
  Object {
    "birthDay": "04/29/1967",
    "firstName": "mia",
    "lastName": "young",
    "position": Object {
      "lat": 21.200239,
      "lon": 93.831718,
    },
  },
  Object {
    "birthDay": "05/05/1950",
    "firstName": "maxime",
    "lastName": "young",
    "position": Object {
      "lat": -53.975674,
      "lon": 34.239222,
    },
  },
  Object {
    "birthDay": "03/06/1994",
    "firstName": "alexis",
    "lastName": "young",
    "position": Object {
      "lat": 36.295047,
      "lon": -117.757694,
    },
  },
  Object {
    "birthDay": "01/06/1981",
    "firstName": "nicolas",
    "lastName": "young",
    "position": Object {
      "lat": 83.554125,
      "lon": 79.434175,
    },
  },
  Object {
    "birthDay": "04/01/1962",
    "firstName": "annabelle",
    "lastName": "young",
    "position": Object {
      "lat": -41.538693,
      "lon": 92.578638,
    },
  },
  Object {
    "birthDay": "12/21/1949",
    "firstName": "buse",
    "lastName": "yorulmaz",
    "position": Object {
      "lat": 64.230176,
      "lon": -94.167923,
    },
  },
  Object {
    "birthDay": "03/06/1946",
    "firstName": "anton",
    "lastName": "ylitalo",
    "position": Object {
      "lat": 65.858771,
      "lon": 162.622159,
    },
  },
  Object {
    "birthDay": "05/09/1993",
    "firstName": "ceyhan",
    "lastName": "yetkiner",
    "position": Object {
      "lat": 43.40781,
      "lon": -101.628765,
    },
  },
  Object {
    "birthDay": "09/04/1949",
    "firstName": "ahmet",
    "lastName": "yetkiner",
    "position": Object {
      "lat": 21.39797,
      "lon": 1.858801,
    },
  },
  Object {
    "birthDay": "04/24/1975",
    "firstName": "leevi",
    "lastName": "wuori",
    "position": Object {
      "lat": -69.048208,
      "lon": -153.398821,
    },
  },
  Object {
    "birthDay": "04/21/1986",
    "firstName": "lumi",
    "lastName": "wuollet",
    "position": Object {
      "lat": -5.857507,
      "lon": 99.715825,
    },
  },
  Object {
    "birthDay": "02/26/1975",
    "firstName": "hilla",
    "lastName": "wuollet",
    "position": Object {
      "lat": 89.686781,
      "lon": -110.467373,
    },
  },
  Object {
    "birthDay": "02/19/1960",
    "firstName": "viivi",
    "lastName": "wuollet",
    "position": Object {
      "lat": -72.897991,
      "lon": -176.802967,
    },
  },
  Object {
    "birthDay": "09/25/1950",
    "firstName": "ross",
    "lastName": "wright",
    "position": Object {
      "lat": -2.079453,
      "lon": -93.064085,
    },
  },
  Object {
    "birthDay": "10/16/1960",
    "firstName": "dylan",
    "lastName": "wright",
    "position": Object {
      "lat": 45.905103,
      "lon": 141.381849,
    },
  },
  Object {
    "birthDay": "04/18/1971",
    "firstName": "caleb",
    "lastName": "wright",
    "position": Object {
      "lat": 85.023514,
      "lon": 100.520222,
    },
  },
  Object {
    "birthDay": "07/02/1965",
    "firstName": "paige",
    "lastName": "wright",
    "position": Object {
      "lat": -36.149872,
      "lon": 137.00258,
    },
  },
  Object {
    "birthDay": "06/23/1994",
    "firstName": "aria",
    "lastName": "wright",
    "position": Object {
      "lat": -41.964126,
      "lon": -10.23773,
    },
  },
  Object {
    "birthDay": "10/27/1954",
    "firstName": "katie",
    "lastName": "wright",
    "position": Object {
      "lat": -49.510666,
      "lon": 130.068027,
    },
  },
  Object {
    "birthDay": "06/02/1992",
    "firstName": "clifford",
    "lastName": "wright",
    "position": Object {
      "lat": -6.247176,
      "lon": 6.397853,
    },
  },
  Object {
    "birthDay": "12/01/1987",
    "firstName": "nolan",
    "lastName": "wright",
    "position": Object {
      "lat": 30.739434,
      "lon": -165.72485,
    },
  },
  Object {
    "birthDay": "09/02/1979",
    "firstName": "delores",
    "lastName": "woods",
    "position": Object {
      "lat": -72.695738,
      "lon": 122.579539,
    },
  },
  Object {
    "birthDay": "01/21/1957",
    "firstName": "leah",
    "lastName": "woods",
    "position": Object {
      "lat": 46.955548,
      "lon": 34.115707,
    },
  },
  Object {
    "birthDay": "06/01/1968",
    "firstName": "izzie",
    "lastName": "woods",
    "position": Object {
      "lat": -58.730886,
      "lon": 65.391002,
    },
  },
  Object {
    "birthDay": "07/22/1992",
    "firstName": "ralph",
    "lastName": "woods",
    "position": Object {
      "lat": 77.473596,
      "lon": -44.760505,
    },
  },
  Object {
    "birthDay": "07/01/1972",
    "firstName": "archie",
    "lastName": "wood",
    "position": Object {
      "lat": 10.815999,
      "lon": -14.878628,
    },
  },
  Object {
    "birthDay": "05/20/1971",
    "firstName": "emily",
    "lastName": "wood",
    "position": Object {
      "lat": 73.680343,
      "lon": -100.075029,
    },
  },
  Object {
    "birthDay": "06/25/1965",
    "firstName": "adam",
    "lastName": "wood",
    "position": Object {
      "lat": 60.582253,
      "lon": 64.151422,
    },
  },
  Object {
    "birthDay": "04/08/1973",
    "firstName": "juanita",
    "lastName": "wood",
    "position": Object {
      "lat": 87.969233,
      "lon": -84.626363,
    },
  },
  Object {
    "birthDay": "06/22/1958",
    "firstName": "fernando",
    "lastName": "wood",
    "position": Object {
      "lat": -37.350056,
      "lon": 65.405478,
    },
  },
  Object {
    "birthDay": "01/01/1982",
    "firstName": "zachary",
    "lastName": "wood",
    "position": Object {
      "lat": -85.426836,
      "lon": -49.126461,
    },
  },
  Object {
    "birthDay": "02/09/1959",
    "firstName": "brooklyn",
    "lastName": "wood",
    "position": Object {
      "lat": -86.269716,
      "lon": -38.34308,
    },
  },
  Object {
    "birthDay": "11/28/1990",
    "firstName": "julia",
    "lastName": "wong",
    "position": Object {
      "lat": 37.322416,
      "lon": 52.486166,
    },
  },
  Object {
    "birthDay": "09/23/1977",
    "firstName": "vinzenz",
    "lastName": "wirth",
    "position": Object {
      "lat": -2.419035,
      "lon": -1.777423,
    },
  },
  Object {
    "birthDay": "02/20/1984",
    "firstName": "jannis",
    "lastName": "wirth",
    "position": Object {
      "lat": 85.236229,
      "lon": 40.254656,
    },
  },
  Object {
    "birthDay": "09/23/1954",
    "firstName": "olivia",
    "lastName": "wirta",
    "position": Object {
      "lat": 43.700379,
      "lon": 163.801752,
    },
  },
  Object {
    "birthDay": "11/12/1968",
    "firstName": "aatu",
    "lastName": "wirkkala",
    "position": Object {
      "lat": 69.837124,
      "lon": 150.344725,
    },
  },
  Object {
    "birthDay": "02/25/1961",
    "firstName": "antonio",
    "lastName": "wimmer",
    "position": Object {
      "lat": 26.042984,
      "lon": 5.706692,
    },
  },
  Object {
    "birthDay": "02/08/1983",
    "firstName": "finn",
    "lastName": "wilson",
    "position": Object {
      "lat": -44.058524,
      "lon": 89.830382,
    },
  },
  Object {
    "birthDay": "10/11/1950",
    "firstName": "felix",
    "lastName": "wilson",
    "position": Object {
      "lat": -84.577327,
      "lon": 117.755657,
    },
  },
  Object {
    "birthDay": "06/23/1952",
    "firstName": "shane",
    "lastName": "wilson",
    "position": Object {
      "lat": 12.123095,
      "lon": 148.889065,
    },
  },
  Object {
    "birthDay": "07/29/1995",
    "firstName": "ava",
    "lastName": "wilson",
    "position": Object {
      "lat": 77.64056,
      "lon": -39.766873,
    },
  },
  Object {
    "birthDay": "03/28/1985",
    "firstName": "evie",
    "lastName": "wilson",
    "position": Object {
      "lat": -81.581861,
      "lon": 20.169437,
    },
  },
  Object {
    "birthDay": "11/16/1990",
    "firstName": "ava",
    "lastName": "williamson",
    "position": Object {
      "lat": -10.855016,
      "lon": 54.022185,
    },
  },
  Object {
    "birthDay": "01/13/1985",
    "firstName": "megan",
    "lastName": "williamson",
    "position": Object {
      "lat": -79.973852,
      "lon": 122.840971,
    },
  },
]
`;
